// Jest Snapshot v1, https://goo.gl/fbAQLP

exports[`Details renders renders correctly 1`] = `
<div class="details">
  <dronepagewrapper-stub><template></template></dronepagewrapper-stub>
</div>
`;
